// Jest Snapshot v1, https://goo.gl/fbAQLP

exports[`renders correctly 1`] = `
<RCTScrollView
  contentContainerStyle={
    Object {
      "alignItems": "center",
    }
  }
  style={
    Object {
      "flex": 1,
    }
  }
>
  <View>
    <Text
      accessible={true}
      allowFontScaling={true}
      disabled={false}
      ellipsizeMode="tail"
      style={
        Object {
          "color": "#555",
          "fontSize": 18,
          "fontWeight": "300",
        }
      }
    >
      thing
    </Text>
    <Text
      accessible={true}
      allowFontScaling={true}
      disabled={false}
      ellipsizeMode="tail"
      style={
        Object {
          "color": "#555",
          "fontSize": 18,
          "fontWeight": "300",
        }
      }
    >
      Archery Notes
    </Text>
    <Text
      accessible={true}
      allowFontScaling={true}
      disabled={false}
      ellipsizeMode="tail"
      style={
        Object {
          "color": "#555",
          "fontSize": 18,
          "fontWeight": "300",
        }
      }
    >
      Probably should add a score card here
    </Text>
    <View
      style={
        Object {
          "alignSelf": "stretch",
          "marginTop": 10,
        }
      }
    >
      <View
        style={
          Object {
            "flexDirection": "row",
            "marginBottom": 4,
          }
        }
      >
        <Text
          accessible={true}
          allowFontScaling={true}
          disabled={false}
          ellipsizeMode="tail"
          style={
            Object {
              "backgroundColor": "#ddd",
              "color": "#555",
              "flex": 1,
              "fontSize": 18,
              "fontWeight": "300",
              "marginLeft": 4,
              "textAlign": "center",
            }
          }
        >
          9
        </Text>
        <Text
          accessible={true}
          allowFontScaling={true}
          disabled={false}
          ellipsizeMode="tail"
          style={
            Object {
              "backgroundColor": "#ddd",
              "color": "#555",
              "flex": 1,
              "fontSize": 18,
              "fontWeight": "300",
              "marginLeft": 4,
              "textAlign": "center",
            }
          }
        >
          8
        </Text>
        <Text
          accessible={true}
          allowFontScaling={true}
          disabled={false}
          ellipsizeMode="tail"
          style={
            Object {
              "backgroundColor": "#ddd",
              "color": "#555",
              "flex": 1,
              "fontSize": 18,
              "fontWeight": "300",
              "marginLeft": 4,
              "textAlign": "center",
            }
          }
        >
          7
        </Text>
        <Text
          accessible={true}
          allowFontScaling={true}
          disabled={false}
          ellipsizeMode="tail"
          style={
            Object {
              "backgroundColor": "#ddd",
              "color": "#555",
              "flex": 1,
              "fontSize": 18,
              "fontWeight": "300",
              "marginLeft": 4,
              "textAlign": "center",
            }
          }
        >
          6
        </Text>
        <Text
          accessible={true}
          allowFontScaling={true}
          disabled={false}
          ellipsizeMode="tail"
          style={
            Object {
              "backgroundColor": "#ddd",
              "color": "#555",
              "flex": 1,
              "fontSize": 18,
              "fontWeight": "300",
              "marginLeft": 4,
              "textAlign": "center",
            }
          }
        >
          5
        </Text>
        <Text
          accessible={true}
          allowFontScaling={true}
          disabled={false}
          ellipsizeMode="tail"
          style={
            Object {
              "backgroundColor": "#ddd",
              "color": "#555",
              "flex": 1,
              "fontSize": 18,
              "fontWeight": "300",
              "marginLeft": 4,
              "textAlign": "center",
            }
          }
        >
          4
        </Text>
        <Text
          accessible={true}
          allowFontScaling={true}
          disabled={false}
          ellipsizeMode="tail"
          style={
            Object {
              "backgroundColor": "#ddd",
              "color": "#555",
              "flex": 1.5,
              "fontSize": 18,
              "fontWeight": "300",
              "marginLeft": 4,
              "textAlign": "center",
            }
          }
        >
          39
        </Text>
        <Text
          accessible={true}
          allowFontScaling={true}
          disabled={false}
          ellipsizeMode="tail"
          style={
            Object {
              "flex": 2,
              "marginLeft": 4,
              "marginRight": 4,
            }
          }
        />
      </View>
      <View
        style={
          Object {
            "flexDirection": "row",
            "marginBottom": 4,
          }
        }
      >
        <Text
          accessible={true}
          allowFontScaling={true}
          disabled={false}
          ellipsizeMode="tail"
          style={
            Object {
              "backgroundColor": "#ddd",
              "color": "#555",
              "flex": 1,
              "fontSize": 18,
              "fontWeight": "300",
              "marginLeft": 4,
              "textAlign": "center",
            }
          }
        >
          9
        </Text>
        <Text
          accessible={true}
          allowFontScaling={true}
          disabled={false}
          ellipsizeMode="tail"
          style={
            Object {
              "backgroundColor": "#ddd",
              "color": "#555",
              "flex": 1,
              "fontSize": 18,
              "fontWeight": "300",
              "marginLeft": 4,
              "textAlign": "center",
            }
          }
        >
          8
        </Text>
        <Text
          accessible={true}
          allowFontScaling={true}
          disabled={false}
          ellipsizeMode="tail"
          style={
            Object {
              "backgroundColor": "#ddd",
              "color": "#555",
              "flex": 1,
              "fontSize": 18,
              "fontWeight": "300",
              "marginLeft": 4,
              "textAlign": "center",
            }
          }
        >
          7
        </Text>
        <Text
          accessible={true}
          allowFontScaling={true}
          disabled={false}
          ellipsizeMode="tail"
          style={
            Object {
              "backgroundColor": "#ddd",
              "color": "#555",
              "flex": 1,
              "fontSize": 18,
              "fontWeight": "300",
              "marginLeft": 4,
              "textAlign": "center",
            }
          }
        >
          6
        </Text>
        <Text
          accessible={true}
          allowFontScaling={true}
          disabled={false}
          ellipsizeMode="tail"
          style={
            Object {
              "backgroundColor": "#ddd",
              "color": "#555",
              "flex": 1,
              "fontSize": 18,
              "fontWeight": "300",
              "marginLeft": 4,
              "textAlign": "center",
            }
          }
        >
          5
        </Text>
        <Text
          accessible={true}
          allowFontScaling={true}
          disabled={false}
          ellipsizeMode="tail"
          style={
            Object {
              "backgroundColor": "#ddd",
              "color": "#555",
              "flex": 1,
              "fontSize": 18,
              "fontWeight": "300",
              "marginLeft": 4,
              "textAlign": "center",
            }
          }
        />
        <Text
          accessible={true}
          allowFontScaling={true}
          disabled={false}
          ellipsizeMode="tail"
          style={
            Object {
              "backgroundColor": "#ddd",
              "color": "#555",
              "flex": 1.5,
              "fontSize": 18,
              "fontWeight": "300",
              "marginLeft": 4,
              "textAlign": "center",
            }
          }
        >
          35
        </Text>
        <Text
          accessible={true}
          allowFontScaling={true}
          disabled={false}
          ellipsizeMode="tail"
          style={
            Object {
              "backgroundColor": "#ddd",
              "color": "#555",
              "flex": 2,
              "fontSize": 18,
              "fontWeight": "300",
              "marginLeft": 4,
              "marginRight": 4,
              "textAlign": "center",
            }
          }
        >
          74
        </Text>
      </View>
    </View>
  </View>
</RCTScrollView>
`;
